../Src/LCD_prg.c:16:6:H_LCD_void_Init	8	static
../Src/LCD_prg.c:71:6:H_LCD_void_sendData	16	static
../Src/LCD_prg.c:78:6:H_LCD_void_sendCommand	16	static
../Src/LCD_prg.c:86:6:H_LCD_void_sendString	16	static
../Src/LCD_prg.c:94:6:H_LCD_void_clear	8	static
../Src/LCD_prg.c:98:6:H_LCD_void_sendIntNum	32	static
../Src/LCD_prg.c:125:6:H_LCD_void_gotXY	16	static
../Src/LCD_prg.c:143:6:H_LCD_void_creatCustomChar	16	static
../Src/LCD_prg.c:147:6:H_LCD_void_displayCustomChar	16	static
../Src/LCD_prg.c:151:13:H_LCD_void_writeNlatch	16	static
